// Jest Snapshot v1, https://goo.gl/fbAQLP

exports[`Captcha test Captcha renders the div google wants 1`] = `
<div
  class="g-recaptcha"
  data-badge="bottomright"
  data-size="invisible"
/>
`;
